// Jest Snapshot v1, https://goo.gl/fbAQLP

exports[`timeDateNow должна быть возвращена правильно отформатированная строка времени и даты 1`] = `" ч:м 16:15, день 5, месяц Сентябрь, год 2024"`;
